// Jest Snapshot v1, https://goo.gl/fbAQLP

exports[`AppComponent renders Home component 1`] = `ShallowWrapper {}`;

exports[`AppComponent should render correctly 1`] = `ShallowWrapper {}`;
